// Jest Snapshot v1, https://goo.gl/fbAQLP

exports[`Pruebas en <HeroScreen /> debe de mostrar el componente de redireccion al / 1`] = `""`;
